<html>
<body>
<pre>
<h1>µVision Build Log</h1>
<h2>Tool Versions:</h2>
IDE-Version: ¦ÌVision V5.43.1.0
Copyright (C) 2025 ARM Ltd and ARM Germany GmbH. All rights reserved.
License Information: 1 ÑîÊõ¹û, 1, LIC=----
 
Tool Versions:
Toolchain:       MDK-Lite  Version: 5.43.0.0
Toolchain Path:  F:\keil\ARM\ARMCLANG\Bin
C Compiler:      ArmClang.exe V6.24
Assembler:       Armasm.exe V6.24
Linker/Locator:  ArmLink.exe V6.24
Library Manager: ArmAr.exe V6.24
Hex Converter:   FromElf.exe V6.24
CPU DLL:         SARMCM3.DLL V5.43.0.0
Dialog DLL:      DCM.DLL V1.17.5.0
Target DLL:      STLink\ST-LINKIII-KEIL_SWO.dll V3.3.1.0
Dialog DLL:      TCM.DLL V1.56.6.0
 
<h2>Project:</h2>
D:\×ÀÃæ\code\USER\LED.uvprojx
Project File Date:  09/17/2026

<h2>Output:</h2>
*** Using Compiler 'V6.24', folder: 'F:\keil\ARM\ARMCLANG\Bin'
Rebuild target 'LED'
compiling usart3.c...
compiling stm32f10x_it.c...
compiling system_stm32f10x.c...
compiling main.c...
compiling stm32f10x_flash.c...
compiling bmp280.c...
compiling delay.c...
compiling stm32f10x_dbgmcu.c...
compiling dht11.c...
assembling startup_stm32f10x_hd.s...
compiling thingscloud.c...
compiling stm32f10x_bkp.c...
compiling ADC.c...
compiling oled.c...
compiling led.c...
compiling stm32f10x_adc.c...
compiling mqtt.c...
compiling misc.c...
compiling key.c...
compiling usart.c...
compiling core_cm3.c...
compiling stm32f10x_pwr.c...
compiling stm32f10x_gpio.c...
compiling esp8266.c...
compiling stm32f10x_usart.c...
compiling sys.c...
compiling stm32f10x_exti.c...
compiling stm32f10x_rtc.c...
compiling stm32f10x_rcc.c...
compiling myiic.c...
compiling stm32f10x_tim.c...
linking...
Program Size: Code=24184 RO-data=3188 RW-data=1368 ZI-data=2632  
FromELF: creating hex file...
"..\OBJ\LED.axf" - 0 Error(s), 0 Warning(s).

<h2>Software Packages used:</h2>

Package Vendor: Keil
                https://www.keil.com/pack/Keil.STM32F1xx_DFP.2.4.1.pack
                Keil::STM32F1xx_DFP@2.4.1
                STMicroelectronics STM32F1 Series Device Support, Drivers and Examples

<h2>Collection of Component include folders:</h2>
  F:/keil/Keil/STM32F1xx_DFP/2.4.1/Device/Include

<h2>Collection of Component Files used:</h2>
Build Time Elapsed:  00:00:01
</pre>
</body>
</html>
