*** Using Compiler 'V6.22', folder: 'D:\Keil_v5\ARM\ARMCLANG\Bin'
Build target 'LED'
compiling usart3.c...
compiling led.c...
compiling stm32f10x_it.c...
compiling key.c...
compiling ADC.c...
compiling system_stm32f10x.c...
compiling bmp280.c...
compiling dht11.c...
compiling myiic.c...
compiling main.c...
assembling startup_stm32f10x_hd.s...
compiling oled.c...
compiling sys.c...
compiling delay.c...
compiling misc.c...
compiling core_cm3.c...
compiling stm32f10x_dbgmcu.c...
compiling usart.c...
compiling stm32f10x_rcc.c...
compiling stm32f10x_gpio.c...
compiling stm32f10x_usart.c...
compiling stm32f10x_rtc.c...
compiling stm32f10x_adc.c...
compiling stm32f10x_bkp.c...
compiling stm32f10x_pwr.c...
compiling stm32f10x_tim.c...
compiling stm32f10x_exti.c...
compiling thingscloud.c...
compiling esp8266.c...
compiling mqtt.c...
compiling stm32f10x_flash.c...
linking...
Program Size: Code=28184 RO-data=3536 RW-data=1364 ZI-data=3240  
FromELF: creating hex file...
"..\OBJ\LED.axf" - 0 Error(s), 0 Warning(s).
Build Time Elapsed:  00:00:02
